[2025-09-14T09:07:25.527+0000][gc,init] CardTable entry size: 512
[2025-09-14T09:07:25.527+0000][gc     ] Using G1
[2025-09-14T09:07:25.548+0000][gc,init] Version: 21.0.4+7-LTS (release)
[2025-09-14T09:07:25.548+0000][gc,init] CPUs: 16 total, 16 available
[2025-09-14T09:07:25.548+0000][gc,init] Memory: 9870M
[2025-09-14T09:07:25.548+0000][gc,init] Large Page Support: Disabled
[2025-09-14T09:07:25.548+0000][gc,init] NUMA Support: Disabled
[2025-09-14T09:07:25.548+0000][gc,init] Compressed Oops: Enabled (32-bit)
[2025-09-14T09:07:25.548+0000][gc,init] Heap Region Size: 1M
[2025-09-14T09:07:25.548+0000][gc,init] Heap Min Capacity: 1G
[2025-09-14T09:07:25.548+0000][gc,init] Heap Initial Capacity: 1G
[2025-09-14T09:07:25.548+0000][gc,init] Heap Max Capacity: 1G
[2025-09-14T09:07:25.548+0000][gc,init] Pre-touch: Disabled
[2025-09-14T09:07:25.548+0000][gc,init] Parallel Workers: 13
[2025-09-14T09:07:25.548+0000][gc,init] Concurrent Workers: 3
[2025-09-14T09:07:25.548+0000][gc,init] Concurrent Refinement Workers: 13
[2025-09-14T09:07:25.548+0000][gc,init] Periodic GC: Disabled
[2025-09-14T09:07:25.703+0000][gc,metaspace] CDS archive(s) mapped at: [0x00007e6020000000-0x00007e6020bbe000-0x00007e602368c000), size 57196544, SharedBaseAddress: 0x00007e6020000000, ArchiveRelocationMode: 1.
[2025-09-14T09:07:25.703+0000][gc,metaspace] Compressed class space mapped at: 0x00007e6024000000-0x00007e6064000000, reserved size: 1073741824
[2025-09-14T09:07:25.703+0000][gc,metaspace] Narrow klass base: 0x00007e6020000000, Narrow klass shift: 0, Narrow klass range: 0x100000000
[2025-09-14T09:07:26.889+0000][gc,start    ] GC(0) Pause Young (Normal) (G1 Evacuation Pause)
[2025-09-14T09:07:26.892+0000][gc,task     ] GC(0) Using 13 workers of 13 for evacuation
[2025-09-14T09:07:26.900+0000][gc,phases   ] GC(0)   Pre Evacuate Collection Set: 0.3ms
[2025-09-14T09:07:26.900+0000][gc,phases   ] GC(0)   Merge Heap Roots: 0.3ms
[2025-09-14T09:07:26.900+0000][gc,phases   ] GC(0)   Evacuate Collection Set: 5.5ms
[2025-09-14T09:07:26.900+0000][gc,phases   ] GC(0)   Post Evacuate Collection Set: 1.8ms
[2025-09-14T09:07:26.900+0000][gc,phases   ] GC(0)   Other: 2.5ms
[2025-09-14T09:07:26.900+0000][gc,heap     ] GC(0) Eden regions: 51->0(44)
[2025-09-14T09:07:26.900+0000][gc,heap     ] GC(0) Survivor regions: 0->7(7)
[2025-09-14T09:07:26.900+0000][gc,heap     ] GC(0) Old regions: 1->7
[2025-09-14T09:07:26.900+0000][gc,heap     ] GC(0) Humongous regions: 9->9
[2025-09-14T09:07:26.900+0000][gc,metaspace] GC(0) Metaspace: 4091K(4352K)->4091K(4352K) NonClass: 3654K(3776K)->3654K(3776K) Class: 436K(576K)->436K(576K)
[2025-09-14T09:07:26.900+0000][gc          ] GC(0) Pause Young (Normal) (G1 Evacuation Pause) 60M->22M(1024M) 11.250ms
[2025-09-14T09:07:26.900+0000][gc,cpu      ] GC(0) User=0.03s Sys=0.04s Real=0.02s
[2025-09-14T09:08:39.350+0000][gc,start    ] GC(1) Pause Young (Normal) (G1 Evacuation Pause)
[2025-09-14T09:08:39.351+0000][gc,task     ] GC(1) Using 13 workers of 13 for evacuation
[2025-09-14T09:08:39.363+0000][gc,phases   ] GC(1)   Pre Evacuate Collection Set: 0.5ms
[2025-09-14T09:08:39.363+0000][gc,phases   ] GC(1)   Merge Heap Roots: 0.2ms
[2025-09-14T09:08:39.363+0000][gc,phases   ] GC(1)   Evacuate Collection Set: 9.8ms
[2025-09-14T09:08:39.363+0000][gc,phases   ] GC(1)   Post Evacuate Collection Set: 2.2ms
[2025-09-14T09:08:39.363+0000][gc,phases   ] GC(1)   Other: 0.2ms
[2025-09-14T09:08:39.363+0000][gc,heap     ] GC(1) Eden regions: 44->0(46)
[2025-09-14T09:08:39.364+0000][gc,heap     ] GC(1) Survivor regions: 7->6(7)
[2025-09-14T09:08:39.364+0000][gc,heap     ] GC(1) Old regions: 7->14
[2025-09-14T09:08:39.364+0000][gc,heap     ] GC(1) Humongous regions: 138->138
[2025-09-14T09:08:39.364+0000][gc,metaspace] GC(1) Metaspace: 7098K(7296K)->7098K(7296K) NonClass: 6237K(6336K)->6237K(6336K) Class: 860K(960K)->860K(960K)
[2025-09-14T09:08:39.364+0000][gc          ] GC(1) Pause Young (Normal) (G1 Evacuation Pause) 195M->157M(1024M) 13.547ms
[2025-09-14T09:08:39.364+0000][gc,cpu      ] GC(1) User=0.07s Sys=0.04s Real=0.02s
