[2025-09-12T05:29:19.591+0000][gc,init] CardTable entry size: 512
[2025-09-12T05:29:19.591+0000][gc     ] Using G1
[2025-09-12T05:29:19.613+0000][gc,init] Version: 21.0.4+7-LTS (release)
[2025-09-12T05:29:19.613+0000][gc,init] CPUs: 16 total, 16 available
[2025-09-12T05:29:19.613+0000][gc,init] Memory: 9870M
[2025-09-12T05:29:19.613+0000][gc,init] Large Page Support: Disabled
[2025-09-12T05:29:19.613+0000][gc,init] NUMA Support: Disabled
[2025-09-12T05:29:19.613+0000][gc,init] Compressed Oops: Enabled (32-bit)
[2025-09-12T05:29:19.613+0000][gc,init] Heap Region Size: 1M
[2025-09-12T05:29:19.613+0000][gc,init] Heap Min Capacity: 1G
[2025-09-12T05:29:19.613+0000][gc,init] Heap Initial Capacity: 1G
[2025-09-12T05:29:19.613+0000][gc,init] Heap Max Capacity: 1G
[2025-09-12T05:29:19.613+0000][gc,init] Pre-touch: Disabled
[2025-09-12T05:29:19.613+0000][gc,init] Parallel Workers: 13
[2025-09-12T05:29:19.613+0000][gc,init] Concurrent Workers: 3
[2025-09-12T05:29:19.613+0000][gc,init] Concurrent Refinement Workers: 13
[2025-09-12T05:29:19.613+0000][gc,init] Periodic GC: Disabled
[2025-09-12T05:29:19.686+0000][gc,metaspace] CDS archive(s) mapped at: [0x000077babb000000-0x000077babbbbe000-0x000077babe68c000), size 57196544, SharedBaseAddress: 0x000077babb000000, ArchiveRelocationMode: 1.
[2025-09-12T05:29:19.686+0000][gc,metaspace] Compressed class space mapped at: 0x000077babf000000-0x000077baff000000, reserved size: 1073741824
[2025-09-12T05:29:19.686+0000][gc,metaspace] Narrow klass base: 0x000077babb000000, Narrow klass shift: 0, Narrow klass range: 0x100000000
[2025-09-12T05:29:20.493+0000][gc,start    ] GC(0) Pause Young (Normal) (G1 Evacuation Pause)
[2025-09-12T05:29:20.497+0000][gc,task     ] GC(0) Using 13 workers of 13 for evacuation
[2025-09-12T05:29:20.509+0000][gc,phases   ] GC(0)   Pre Evacuate Collection Set: 0.4ms
[2025-09-12T05:29:20.509+0000][gc,phases   ] GC(0)   Merge Heap Roots: 0.3ms
[2025-09-12T05:29:20.509+0000][gc,phases   ] GC(0)   Evacuate Collection Set: 10.0ms
[2025-09-12T05:29:20.509+0000][gc,phases   ] GC(0)   Post Evacuate Collection Set: 1.5ms
[2025-09-12T05:29:20.509+0000][gc,phases   ] GC(0)   Other: 3.3ms
[2025-09-12T05:29:20.509+0000][gc,heap     ] GC(0) Eden regions: 51->0(44)
[2025-09-12T05:29:20.509+0000][gc,heap     ] GC(0) Survivor regions: 0->7(7)
[2025-09-12T05:29:20.509+0000][gc,heap     ] GC(0) Old regions: 1->7
[2025-09-12T05:29:20.509+0000][gc,heap     ] GC(0) Humongous regions: 9->9
[2025-09-12T05:29:20.509+0000][gc,metaspace] GC(0) Metaspace: 4191K(4416K)->4191K(4416K) NonClass: 3736K(3840K)->3736K(3840K) Class: 454K(576K)->454K(576K)
[2025-09-12T05:29:20.509+0000][gc          ] GC(0) Pause Young (Normal) (G1 Evacuation Pause) 60M->22M(1024M) 15.987ms
[2025-09-12T05:29:20.509+0000][gc,cpu      ] GC(0) User=0.08s Sys=0.06s Real=0.01s
[2025-09-12T05:34:28.774+0000][gc,start    ] GC(1) Pause Young (Normal) (G1 Evacuation Pause)
[2025-09-12T05:34:28.774+0000][gc,task     ] GC(1) Using 13 workers of 13 for evacuation
[2025-09-12T05:34:28.782+0000][gc,phases   ] GC(1)   Pre Evacuate Collection Set: 0.7ms
[2025-09-12T05:34:28.782+0000][gc,phases   ] GC(1)   Merge Heap Roots: 0.2ms
[2025-09-12T05:34:28.782+0000][gc,phases   ] GC(1)   Evacuate Collection Set: 5.9ms
[2025-09-12T05:34:28.782+0000][gc,phases   ] GC(1)   Post Evacuate Collection Set: 1.0ms
[2025-09-12T05:34:28.782+0000][gc,phases   ] GC(1)   Other: 0.2ms
[2025-09-12T05:34:28.782+0000][gc,heap     ] GC(1) Eden regions: 44->0(48)
[2025-09-12T05:34:28.782+0000][gc,heap     ] GC(1) Survivor regions: 7->5(7)
[2025-09-12T05:34:28.782+0000][gc,heap     ] GC(1) Old regions: 7->14
[2025-09-12T05:34:28.782+0000][gc,heap     ] GC(1) Humongous regions: 138->138
[2025-09-12T05:34:28.782+0000][gc,metaspace] GC(1) Metaspace: 6828K(7040K)->6828K(7040K) NonClass: 6105K(6208K)->6105K(6208K) Class: 723K(832K)->723K(832K)
[2025-09-12T05:34:28.782+0000][gc          ] GC(1) Pause Young (Normal) (G1 Evacuation Pause) 195M->156M(1024M) 8.282ms
[2025-09-12T05:34:28.782+0000][gc,cpu      ] GC(1) User=0.03s Sys=0.03s Real=0.00s
[2025-09-12T05:47:22.973+0000][gc,start    ] GC(2) Pause Young (Normal) (G1 Evacuation Pause)
[2025-09-12T05:47:22.974+0000][gc,task     ] GC(2) Using 13 workers of 13 for evacuation
[2025-09-12T05:47:22.978+0000][gc,phases   ] GC(2)   Pre Evacuate Collection Set: 0.4ms
[2025-09-12T05:47:22.978+0000][gc,phases   ] GC(2)   Merge Heap Roots: 0.1ms
[2025-09-12T05:47:22.978+0000][gc,phases   ] GC(2)   Evacuate Collection Set: 2.5ms
[2025-09-12T05:47:22.978+0000][gc,phases   ] GC(2)   Post Evacuate Collection Set: 1.2ms
[2025-09-12T05:47:22.978+0000][gc,phases   ] GC(2)   Other: 0.1ms
[2025-09-12T05:47:22.978+0000][gc,heap     ] GC(2) Eden regions: 57->0(612)
[2025-09-12T05:47:22.978+0000][gc,heap     ] GC(2) Survivor regions: 5->2(8)
[2025-09-12T05:47:22.978+0000][gc,heap     ] GC(2) Old regions: 14->19
[2025-09-12T05:47:22.978+0000][gc,heap     ] GC(2) Humongous regions: 138->138
[2025-09-12T05:47:22.978+0000][gc,metaspace] GC(2) Metaspace: 7518K(7744K)->7518K(7744K) NonClass: 6744K(6848K)->6744K(6848K) Class: 774K(896K)->774K(896K)
[2025-09-12T05:47:22.978+0000][gc          ] GC(2) Pause Young (Normal) (G1 Evacuation Pause) 213M->157M(1024M) 5.104ms
[2025-09-12T05:47:22.978+0000][gc,cpu      ] GC(2) User=0.02s Sys=0.02s Real=0.01s
