[2025-09-12T09:16:11.542+0000][gc,init] CardTable entry size: 512
[2025-09-12T09:16:11.542+0000][gc     ] Using G1
[2025-09-12T09:16:11.553+0000][gc,init] Version: 21.0.4+7-LTS (release)
[2025-09-12T09:16:11.553+0000][gc,init] CPUs: 16 total, 16 available
[2025-09-12T09:16:11.553+0000][gc,init] Memory: 9870M
[2025-09-12T09:16:11.553+0000][gc,init] Large Page Support: Disabled
[2025-09-12T09:16:11.553+0000][gc,init] NUMA Support: Disabled
[2025-09-12T09:16:11.553+0000][gc,init] Compressed Oops: Enabled (32-bit)
[2025-09-12T09:16:11.553+0000][gc,init] Heap Region Size: 1M
[2025-09-12T09:16:11.553+0000][gc,init] Heap Min Capacity: 1G
[2025-09-12T09:16:11.553+0000][gc,init] Heap Initial Capacity: 1G
[2025-09-12T09:16:11.553+0000][gc,init] Heap Max Capacity: 1G
[2025-09-12T09:16:11.553+0000][gc,init] Pre-touch: Disabled
[2025-09-12T09:16:11.553+0000][gc,init] Parallel Workers: 13
[2025-09-12T09:16:11.553+0000][gc,init] Concurrent Workers: 3
[2025-09-12T09:16:11.553+0000][gc,init] Concurrent Refinement Workers: 13
[2025-09-12T09:16:11.553+0000][gc,init] Periodic GC: Disabled
[2025-09-12T09:16:11.658+0000][gc,metaspace] CDS archive(s) mapped at: [0x0000783a3d000000-0x0000783a3dbbe000-0x0000783a4068c000), size 57196544, SharedBaseAddress: 0x0000783a3d000000, ArchiveRelocationMode: 1.
[2025-09-12T09:16:11.658+0000][gc,metaspace] Compressed class space mapped at: 0x0000783a41000000-0x0000783a81000000, reserved size: 1073741824
[2025-09-12T09:16:11.658+0000][gc,metaspace] Narrow klass base: 0x0000783a3d000000, Narrow klass shift: 0, Narrow klass range: 0x100000000
[2025-09-12T09:16:12.559+0000][gc,start    ] GC(0) Pause Young (Normal) (G1 Evacuation Pause)
[2025-09-12T09:16:12.561+0000][gc,task     ] GC(0) Using 13 workers of 13 for evacuation
[2025-09-12T09:16:12.571+0000][gc,phases   ] GC(0)   Pre Evacuate Collection Set: 0.3ms
[2025-09-12T09:16:12.571+0000][gc,phases   ] GC(0)   Merge Heap Roots: 0.2ms
[2025-09-12T09:16:12.571+0000][gc,phases   ] GC(0)   Evacuate Collection Set: 7.6ms
[2025-09-12T09:16:12.571+0000][gc,phases   ] GC(0)   Post Evacuate Collection Set: 1.4ms
[2025-09-12T09:16:12.571+0000][gc,phases   ] GC(0)   Other: 1.6ms
[2025-09-12T09:16:12.571+0000][gc,heap     ] GC(0) Eden regions: 51->0(44)
[2025-09-12T09:16:12.571+0000][gc,heap     ] GC(0) Survivor regions: 0->7(7)
[2025-09-12T09:16:12.571+0000][gc,heap     ] GC(0) Old regions: 1->7
[2025-09-12T09:16:12.571+0000][gc,heap     ] GC(0) Humongous regions: 9->9
[2025-09-12T09:16:12.571+0000][gc,metaspace] GC(0) Metaspace: 4491K(4736K)->4491K(4736K) NonClass: 4024K(4160K)->4024K(4160K) Class: 467K(576K)->467K(576K)
[2025-09-12T09:16:12.571+0000][gc          ] GC(0) Pause Young (Normal) (G1 Evacuation Pause) 60M->22M(1024M) 11.349ms
[2025-09-12T09:16:12.571+0000][gc,cpu      ] GC(0) User=0.06s Sys=0.02s Real=0.02s
