[2025-09-12T09:07:05.450+0000][gc,init] CardTable entry size: 512
[2025-09-12T09:07:05.450+0000][gc     ] Using G1
[2025-09-12T09:07:05.461+0000][gc,init] Version: 21.0.4+7-LTS (release)
[2025-09-12T09:07:05.461+0000][gc,init] CPUs: 16 total, 16 available
[2025-09-12T09:07:05.461+0000][gc,init] Memory: 9870M
[2025-09-12T09:07:05.461+0000][gc,init] Large Page Support: Disabled
[2025-09-12T09:07:05.461+0000][gc,init] NUMA Support: Disabled
[2025-09-12T09:07:05.461+0000][gc,init] Compressed Oops: Enabled (32-bit)
[2025-09-12T09:07:05.461+0000][gc,init] Heap Region Size: 1M
[2025-09-12T09:07:05.461+0000][gc,init] Heap Min Capacity: 1G
[2025-09-12T09:07:05.461+0000][gc,init] Heap Initial Capacity: 1G
[2025-09-12T09:07:05.461+0000][gc,init] Heap Max Capacity: 1G
[2025-09-12T09:07:05.461+0000][gc,init] Pre-touch: Disabled
[2025-09-12T09:07:05.461+0000][gc,init] Parallel Workers: 13
[2025-09-12T09:07:05.461+0000][gc,init] Concurrent Workers: 3
[2025-09-12T09:07:05.461+0000][gc,init] Concurrent Refinement Workers: 13
[2025-09-12T09:07:05.461+0000][gc,init] Periodic GC: Disabled
[2025-09-12T09:07:05.569+0000][gc,metaspace] CDS archive(s) mapped at: [0x00007621e1000000-0x00007621e1bbe000-0x00007621e468c000), size 57196544, SharedBaseAddress: 0x00007621e1000000, ArchiveRelocationMode: 1.
[2025-09-12T09:07:05.569+0000][gc,metaspace] Compressed class space mapped at: 0x00007621e5000000-0x0000762225000000, reserved size: 1073741824
[2025-09-12T09:07:05.569+0000][gc,metaspace] Narrow klass base: 0x00007621e1000000, Narrow klass shift: 0, Narrow klass range: 0x100000000
[2025-09-12T09:07:06.625+0000][gc,start    ] GC(0) Pause Young (Normal) (G1 Evacuation Pause)
[2025-09-12T09:07:06.732+0000][gc,task     ] GC(0) Using 13 workers of 13 for evacuation
[2025-09-12T09:07:06.835+0000][gc,phases   ] GC(0)   Pre Evacuate Collection Set: 0.3ms
[2025-09-12T09:07:06.835+0000][gc,phases   ] GC(0)   Merge Heap Roots: 0.2ms
[2025-09-12T09:07:06.835+0000][gc,phases   ] GC(0)   Evacuate Collection Set: 40.5ms
[2025-09-12T09:07:06.835+0000][gc,phases   ] GC(0)   Post Evacuate Collection Set: 1.7ms
[2025-09-12T09:07:06.835+0000][gc,phases   ] GC(0)   Other: 1.9ms
[2025-09-12T09:07:06.835+0000][gc,heap     ] GC(0) Eden regions: 51->0(44)
[2025-09-12T09:07:06.835+0000][gc,heap     ] GC(0) Survivor regions: 0->7(7)
[2025-09-12T09:07:06.835+0000][gc,heap     ] GC(0) Old regions: 1->6
[2025-09-12T09:07:06.835+0000][gc,heap     ] GC(0) Humongous regions: 9->9
[2025-09-12T09:07:06.835+0000][gc,metaspace] GC(0) Metaspace: 4283K(4480K)->4283K(4480K) NonClass: 3865K(3968K)->3865K(3968K) Class: 417K(512K)->417K(512K)
[2025-09-12T09:07:06.849+0000][gc          ] GC(0) Pause Young (Normal) (G1 Evacuation Pause) 60M->21M(1024M) 223.746ms
[2025-09-12T09:07:06.849+0000][gc,cpu      ] GC(0) User=0.03s Sys=0.04s Real=0.22s
[2025-09-12T09:07:10.701+0000][gc,heap,exit] Heap
[2025-09-12T09:07:10.701+0000][gc,heap,exit]  garbage-first heap   total 1048576K, used 181149K [0x00000000c0000000, 0x0000000100000000)
[2025-09-12T09:07:10.701+0000][gc,heap,exit]   region size 1024K, 34 young (34816K), 7 survivors (7168K)
[2025-09-12T09:07:10.701+0000][gc,heap,exit]  Metaspace       used 5652K, committed 5888K, reserved 1114112K
[2025-09-12T09:07:10.701+0000][gc,heap,exit]   class space    used 712K, committed 832K, reserved 1048576K
