[2025-09-12T21:18:31.151+0000][gc,init] CardTable entry size: 512
[2025-09-12T21:18:31.152+0000][gc     ] Using G1
[2025-09-12T21:18:31.165+0000][gc,init] Version: 21.0.4+7-LTS (release)
[2025-09-12T21:18:31.165+0000][gc,init] CPUs: 16 total, 16 available
[2025-09-12T21:18:31.166+0000][gc,init] Memory: 9870M
[2025-09-12T21:18:31.166+0000][gc,init] Large Page Support: Disabled
[2025-09-12T21:18:31.166+0000][gc,init] NUMA Support: Disabled
[2025-09-12T21:18:31.166+0000][gc,init] Compressed Oops: Enabled (32-bit)
[2025-09-12T21:18:31.166+0000][gc,init] Heap Region Size: 1M
[2025-09-12T21:18:31.166+0000][gc,init] Heap Min Capacity: 1G
[2025-09-12T21:18:31.166+0000][gc,init] Heap Initial Capacity: 1G
[2025-09-12T21:18:31.166+0000][gc,init] Heap Max Capacity: 1G
[2025-09-12T21:18:31.166+0000][gc,init] Pre-touch: Disabled
[2025-09-12T21:18:31.166+0000][gc,init] Parallel Workers: 13
[2025-09-12T21:18:31.166+0000][gc,init] Concurrent Workers: 3
[2025-09-12T21:18:31.166+0000][gc,init] Concurrent Refinement Workers: 13
[2025-09-12T21:18:31.166+0000][gc,init] Periodic GC: Disabled
[2025-09-12T21:18:31.293+0000][gc,metaspace] CDS archive(s) mapped at: [0x00007ab870000000-0x00007ab870bbe000-0x00007ab87368c000), size 57196544, SharedBaseAddress: 0x00007ab870000000, ArchiveRelocationMode: 1.
[2025-09-12T21:18:31.293+0000][gc,metaspace] Compressed class space mapped at: 0x00007ab874000000-0x00007ab8b4000000, reserved size: 1073741824
[2025-09-12T21:18:31.293+0000][gc,metaspace] Narrow klass base: 0x00007ab870000000, Narrow klass shift: 0, Narrow klass range: 0x100000000
[2025-09-12T21:18:32.571+0000][gc,start    ] GC(0) Pause Young (Normal) (G1 Evacuation Pause)
[2025-09-12T21:18:32.591+0000][gc,task     ] GC(0) Using 13 workers of 13 for evacuation
[2025-09-12T21:18:32.601+0000][gc,phases   ] GC(0)   Pre Evacuate Collection Set: 0.6ms
[2025-09-12T21:18:32.601+0000][gc,phases   ] GC(0)   Merge Heap Roots: 0.2ms
[2025-09-12T21:18:32.601+0000][gc,phases   ] GC(0)   Evacuate Collection Set: 6.9ms
[2025-09-12T21:18:32.601+0000][gc,phases   ] GC(0)   Post Evacuate Collection Set: 1.8ms
[2025-09-12T21:18:32.601+0000][gc,phases   ] GC(0)   Other: 2.0ms
[2025-09-12T21:18:32.601+0000][gc,heap     ] GC(0) Eden regions: 51->0(44)
[2025-09-12T21:18:32.601+0000][gc,heap     ] GC(0) Survivor regions: 0->7(7)
[2025-09-12T21:18:32.601+0000][gc,heap     ] GC(0) Old regions: 1->7
[2025-09-12T21:18:32.601+0000][gc,heap     ] GC(0) Humongous regions: 9->9
[2025-09-12T21:18:32.601+0000][gc,metaspace] GC(0) Metaspace: 4113K(4288K)->4113K(4288K) NonClass: 3688K(3776K)->3688K(3776K) Class: 424K(512K)->424K(512K)
[2025-09-12T21:18:32.601+0000][gc          ] GC(0) Pause Young (Normal) (G1 Evacuation Pause) 60M->22M(1024M) 30.146ms
[2025-09-12T21:18:32.602+0000][gc,cpu      ] GC(0) User=0.05s Sys=0.02s Real=0.03s
[2025-09-12T21:19:05.227+0000][gc,start    ] GC(1) Pause Young (Normal) (G1 Evacuation Pause)
[2025-09-12T21:19:05.227+0000][gc,task     ] GC(1) Using 13 workers of 13 for evacuation
[2025-09-12T21:19:05.234+0000][gc,phases   ] GC(1)   Pre Evacuate Collection Set: 0.4ms
[2025-09-12T21:19:05.234+0000][gc,phases   ] GC(1)   Merge Heap Roots: 0.1ms
[2025-09-12T21:19:05.234+0000][gc,phases   ] GC(1)   Evacuate Collection Set: 5.1ms
[2025-09-12T21:19:05.234+0000][gc,phases   ] GC(1)   Post Evacuate Collection Set: 1.1ms
[2025-09-12T21:19:05.234+0000][gc,phases   ] GC(1)   Other: 0.1ms
[2025-09-12T21:19:05.234+0000][gc,heap     ] GC(1) Eden regions: 44->0(47)
[2025-09-12T21:19:05.234+0000][gc,heap     ] GC(1) Survivor regions: 7->6(7)
[2025-09-12T21:19:05.234+0000][gc,heap     ] GC(1) Old regions: 7->14
[2025-09-12T21:19:05.234+0000][gc,heap     ] GC(1) Humongous regions: 144->138
[2025-09-12T21:19:05.234+0000][gc,metaspace] GC(1) Metaspace: 6568K(6784K)->6568K(6784K) NonClass: 5784K(5888K)->5784K(5888K) Class: 783K(896K)->783K(896K)
[2025-09-12T21:19:05.234+0000][gc          ] GC(1) Pause Young (Normal) (G1 Evacuation Pause) 201M->157M(1024M) 7.043ms
[2025-09-12T21:19:05.234+0000][gc,cpu      ] GC(1) User=0.05s Sys=0.01s Real=0.00s
[2025-09-12T21:24:22.164+0000][gc,start    ] GC(2) Pause Young (Normal) (G1 Evacuation Pause)
[2025-09-12T21:24:22.164+0000][gc,task     ] GC(2) Using 13 workers of 13 for evacuation
[2025-09-12T21:24:22.168+0000][gc,phases   ] GC(2)   Pre Evacuate Collection Set: 0.3ms
[2025-09-12T21:24:22.168+0000][gc,phases   ] GC(2)   Merge Heap Roots: 0.1ms
[2025-09-12T21:24:22.168+0000][gc,phases   ] GC(2)   Evacuate Collection Set: 2.3ms
[2025-09-12T21:24:22.168+0000][gc,phases   ] GC(2)   Post Evacuate Collection Set: 0.7ms
[2025-09-12T21:24:22.168+0000][gc,phases   ] GC(2)   Other: 0.1ms
[2025-09-12T21:24:22.168+0000][gc,heap     ] GC(2) Eden regions: 54->0(612)
[2025-09-12T21:24:22.168+0000][gc,heap     ] GC(2) Survivor regions: 6->2(8)
[2025-09-12T21:24:22.168+0000][gc,heap     ] GC(2) Old regions: 14->20
[2025-09-12T21:24:22.168+0000][gc,heap     ] GC(2) Humongous regions: 138->138
[2025-09-12T21:24:22.168+0000][gc,metaspace] GC(2) Metaspace: 9015K(9280K)->9015K(9280K) NonClass: 8014K(8128K)->8014K(8128K) Class: 1001K(1152K)->1001K(1152K)
[2025-09-12T21:24:22.168+0000][gc          ] GC(2) Pause Young (Normal) (G1 Evacuation Pause) 211M->159M(1024M) 3.731ms
[2025-09-12T21:24:22.168+0000][gc,cpu      ] GC(2) User=0.02s Sys=0.00s Real=0.00s
