[2025-09-12T09:21:21.393+0000][gc,init] CardTable entry size: 512
[2025-09-12T09:21:21.393+0000][gc     ] Using G1
[2025-09-12T09:21:21.404+0000][gc,init] Version: 21.0.4+7-LTS (release)
[2025-09-12T09:21:21.404+0000][gc,init] CPUs: 16 total, 16 available
[2025-09-12T09:21:21.404+0000][gc,init] Memory: 9870M
[2025-09-12T09:21:21.404+0000][gc,init] Large Page Support: Disabled
[2025-09-12T09:21:21.404+0000][gc,init] NUMA Support: Disabled
[2025-09-12T09:21:21.404+0000][gc,init] Compressed Oops: Enabled (32-bit)
[2025-09-12T09:21:21.404+0000][gc,init] Heap Region Size: 1M
[2025-09-12T09:21:21.404+0000][gc,init] Heap Min Capacity: 1G
[2025-09-12T09:21:21.404+0000][gc,init] Heap Initial Capacity: 1G
[2025-09-12T09:21:21.404+0000][gc,init] Heap Max Capacity: 1G
[2025-09-12T09:21:21.404+0000][gc,init] Pre-touch: Disabled
[2025-09-12T09:21:21.404+0000][gc,init] Parallel Workers: 13
[2025-09-12T09:21:21.404+0000][gc,init] Concurrent Workers: 3
[2025-09-12T09:21:21.404+0000][gc,init] Concurrent Refinement Workers: 13
[2025-09-12T09:21:21.404+0000][gc,init] Periodic GC: Disabled
[2025-09-12T09:21:21.446+0000][gc,metaspace] CDS archive(s) mapped at: [0x00007068dd000000-0x00007068ddbbe000-0x00007068e068c000), size 57196544, SharedBaseAddress: 0x00007068dd000000, ArchiveRelocationMode: 1.
[2025-09-12T09:21:21.446+0000][gc,metaspace] Compressed class space mapped at: 0x00007068e1000000-0x0000706921000000, reserved size: 1073741824
[2025-09-12T09:21:21.446+0000][gc,metaspace] Narrow klass base: 0x00007068dd000000, Narrow klass shift: 0, Narrow klass range: 0x100000000
[2025-09-12T09:21:22.411+0000][gc,start    ] GC(0) Pause Young (Normal) (G1 Evacuation Pause)
[2025-09-12T09:21:22.413+0000][gc,task     ] GC(0) Using 13 workers of 13 for evacuation
[2025-09-12T09:21:22.420+0000][gc,phases   ] GC(0)   Pre Evacuate Collection Set: 0.3ms
[2025-09-12T09:21:22.420+0000][gc,phases   ] GC(0)   Merge Heap Roots: 0.2ms
[2025-09-12T09:21:22.420+0000][gc,phases   ] GC(0)   Evacuate Collection Set: 5.7ms
[2025-09-12T09:21:22.420+0000][gc,phases   ] GC(0)   Post Evacuate Collection Set: 1.3ms
[2025-09-12T09:21:22.420+0000][gc,phases   ] GC(0)   Other: 1.4ms
[2025-09-12T09:21:22.420+0000][gc,heap     ] GC(0) Eden regions: 51->0(44)
[2025-09-12T09:21:22.420+0000][gc,heap     ] GC(0) Survivor regions: 0->7(7)
[2025-09-12T09:21:22.420+0000][gc,heap     ] GC(0) Old regions: 1->7
[2025-09-12T09:21:22.420+0000][gc,heap     ] GC(0) Humongous regions: 9->9
[2025-09-12T09:21:22.420+0000][gc,metaspace] GC(0) Metaspace: 4191K(4352K)->4191K(4352K) NonClass: 3770K(3840K)->3770K(3840K) Class: 421K(512K)->421K(512K)
[2025-09-12T09:21:22.420+0000][gc          ] GC(0) Pause Young (Normal) (G1 Evacuation Pause) 60M->22M(1024M) 9.167ms
[2025-09-12T09:21:22.420+0000][gc,cpu      ] GC(0) User=0.03s Sys=0.04s Real=0.01s
[2025-09-12T09:24:11.027+0000][gc,start    ] GC(1) Pause Young (Normal) (G1 Evacuation Pause)
[2025-09-12T09:24:11.027+0000][gc,task     ] GC(1) Using 13 workers of 13 for evacuation
[2025-09-12T09:24:11.034+0000][gc,phases   ] GC(1)   Pre Evacuate Collection Set: 0.4ms
[2025-09-12T09:24:11.034+0000][gc,phases   ] GC(1)   Merge Heap Roots: 0.1ms
[2025-09-12T09:24:11.034+0000][gc,phases   ] GC(1)   Evacuate Collection Set: 5.6ms
[2025-09-12T09:24:11.034+0000][gc,phases   ] GC(1)   Post Evacuate Collection Set: 1.1ms
[2025-09-12T09:24:11.034+0000][gc,phases   ] GC(1)   Other: 0.1ms
[2025-09-12T09:24:11.034+0000][gc,heap     ] GC(1) Eden regions: 44->0(49)
[2025-09-12T09:24:11.034+0000][gc,heap     ] GC(1) Survivor regions: 7->6(7)
[2025-09-12T09:24:11.035+0000][gc,heap     ] GC(1) Old regions: 7->14
[2025-09-12T09:24:11.035+0000][gc,heap     ] GC(1) Humongous regions: 138->138
[2025-09-12T09:24:11.035+0000][gc,metaspace] GC(1) Metaspace: 7559K(7808K)->7559K(7808K) NonClass: 6746K(6848K)->6746K(6848K) Class: 813K(960K)->813K(960K)
[2025-09-12T09:24:11.035+0000][gc          ] GC(1) Pause Young (Normal) (G1 Evacuation Pause) 195M->157M(1024M) 7.459ms
[2025-09-12T09:24:11.035+0000][gc,cpu      ] GC(1) User=0.03s Sys=0.03s Real=0.01s
[2025-09-12T09:29:05.630+0000][gc,start    ] GC(2) Pause Young (Normal) (G1 Evacuation Pause)
[2025-09-12T09:29:05.632+0000][gc,task     ] GC(2) Using 13 workers of 13 for evacuation
[2025-09-12T09:29:05.636+0000][gc,phases   ] GC(2)   Pre Evacuate Collection Set: 0.4ms
[2025-09-12T09:29:05.636+0000][gc,phases   ] GC(2)   Merge Heap Roots: 0.2ms
[2025-09-12T09:29:05.636+0000][gc,phases   ] GC(2)   Evacuate Collection Set: 3.1ms
[2025-09-12T09:29:05.636+0000][gc,phases   ] GC(2)   Post Evacuate Collection Set: 0.8ms
[2025-09-12T09:29:05.636+0000][gc,phases   ] GC(2)   Other: 0.1ms
[2025-09-12T09:29:05.636+0000][gc,heap     ] GC(2) Eden regions: 56->0(331)
[2025-09-12T09:29:05.636+0000][gc,heap     ] GC(2) Survivor regions: 6->3(8)
[2025-09-12T09:29:05.636+0000][gc,heap     ] GC(2) Old regions: 14->19
[2025-09-12T09:29:05.636+0000][gc,heap     ] GC(2) Humongous regions: 138->138
[2025-09-12T09:29:05.636+0000][gc,metaspace] GC(2) Metaspace: 9053K(9280K)->9053K(9280K) NonClass: 8045K(8128K)->8045K(8128K) Class: 1007K(1152K)->1007K(1152K)
[2025-09-12T09:29:05.636+0000][gc          ] GC(2) Pause Young (Normal) (G1 Evacuation Pause) 213M->159M(1024M) 6.411ms
[2025-09-12T09:29:05.637+0000][gc,cpu      ] GC(2) User=0.00s Sys=0.03s Real=0.01s
