[2025-09-12T09:07:34.897+0000][gc,init] CardTable entry size: 512
[2025-09-12T09:07:34.898+0000][gc     ] Using G1
[2025-09-12T09:07:34.909+0000][gc,init] Version: 21.0.4+7-LTS (release)
[2025-09-12T09:07:34.909+0000][gc,init] CPUs: 16 total, 16 available
[2025-09-12T09:07:34.909+0000][gc,init] Memory: 9870M
[2025-09-12T09:07:34.909+0000][gc,init] Large Page Support: Disabled
[2025-09-12T09:07:34.909+0000][gc,init] NUMA Support: Disabled
[2025-09-12T09:07:34.909+0000][gc,init] Compressed Oops: Enabled (32-bit)
[2025-09-12T09:07:34.909+0000][gc,init] Heap Region Size: 1M
[2025-09-12T09:07:34.909+0000][gc,init] Heap Min Capacity: 1G
[2025-09-12T09:07:34.909+0000][gc,init] Heap Initial Capacity: 1G
[2025-09-12T09:07:34.909+0000][gc,init] Heap Max Capacity: 1G
[2025-09-12T09:07:34.909+0000][gc,init] Pre-touch: Disabled
[2025-09-12T09:07:34.909+0000][gc,init] Parallel Workers: 13
[2025-09-12T09:07:34.909+0000][gc,init] Concurrent Workers: 3
[2025-09-12T09:07:34.910+0000][gc,init] Concurrent Refinement Workers: 13
[2025-09-12T09:07:34.910+0000][gc,init] Periodic GC: Disabled
[2025-09-12T09:07:34.953+0000][gc,metaspace] CDS archive(s) mapped at: [0x00007c892f000000-0x00007c892fbbe000-0x00007c893268c000), size 57196544, SharedBaseAddress: 0x00007c892f000000, ArchiveRelocationMode: 1.
[2025-09-12T09:07:34.953+0000][gc,metaspace] Compressed class space mapped at: 0x00007c8933000000-0x00007c8973000000, reserved size: 1073741824
[2025-09-12T09:07:34.953+0000][gc,metaspace] Narrow klass base: 0x00007c892f000000, Narrow klass shift: 0, Narrow klass range: 0x100000000
[2025-09-12T09:07:35.698+0000][gc,start    ] GC(0) Pause Young (Normal) (G1 Evacuation Pause)
[2025-09-12T09:07:35.700+0000][gc,task     ] GC(0) Using 13 workers of 13 for evacuation
[2025-09-12T09:07:35.707+0000][gc,phases   ] GC(0)   Pre Evacuate Collection Set: 0.2ms
[2025-09-12T09:07:35.707+0000][gc,phases   ] GC(0)   Merge Heap Roots: 0.2ms
[2025-09-12T09:07:35.707+0000][gc,phases   ] GC(0)   Evacuate Collection Set: 5.0ms
[2025-09-12T09:07:35.707+0000][gc,phases   ] GC(0)   Post Evacuate Collection Set: 1.3ms
[2025-09-12T09:07:35.707+0000][gc,phases   ] GC(0)   Other: 1.6ms
[2025-09-12T09:07:35.707+0000][gc,heap     ] GC(0) Eden regions: 51->0(44)
[2025-09-12T09:07:35.707+0000][gc,heap     ] GC(0) Survivor regions: 0->7(7)
[2025-09-12T09:07:35.707+0000][gc,heap     ] GC(0) Old regions: 1->7
[2025-09-12T09:07:35.707+0000][gc,heap     ] GC(0) Humongous regions: 9->9
[2025-09-12T09:07:35.707+0000][gc,metaspace] GC(0) Metaspace: 4012K(4224K)->4012K(4224K) NonClass: 3591K(3712K)->3591K(3712K) Class: 420K(512K)->420K(512K)
[2025-09-12T09:07:35.707+0000][gc          ] GC(0) Pause Young (Normal) (G1 Evacuation Pause) 60M->22M(1024M) 8.731ms
[2025-09-12T09:07:35.707+0000][gc,cpu      ] GC(0) User=0.04s Sys=0.02s Real=0.01s
