[2025-09-14T09:02:33.795+0000][gc,init] CardTable entry size: 512
[2025-09-14T09:02:33.795+0000][gc     ] Using G1
[2025-09-14T09:02:33.813+0000][gc,init] Version: 21.0.4+7-LTS (release)
[2025-09-14T09:02:33.813+0000][gc,init] CPUs: 16 total, 16 available
[2025-09-14T09:02:33.813+0000][gc,init] Memory: 9870M
[2025-09-14T09:02:33.813+0000][gc,init] Large Page Support: Disabled
[2025-09-14T09:02:33.813+0000][gc,init] NUMA Support: Disabled
[2025-09-14T09:02:33.813+0000][gc,init] Compressed Oops: Enabled (32-bit)
[2025-09-14T09:02:33.813+0000][gc,init] Heap Region Size: 1M
[2025-09-14T09:02:33.813+0000][gc,init] Heap Min Capacity: 1G
[2025-09-14T09:02:33.813+0000][gc,init] Heap Initial Capacity: 1G
[2025-09-14T09:02:33.813+0000][gc,init] Heap Max Capacity: 1G
[2025-09-14T09:02:33.813+0000][gc,init] Pre-touch: Disabled
[2025-09-14T09:02:33.813+0000][gc,init] Parallel Workers: 13
[2025-09-14T09:02:33.813+0000][gc,init] Concurrent Workers: 3
[2025-09-14T09:02:33.813+0000][gc,init] Concurrent Refinement Workers: 13
[2025-09-14T09:02:33.813+0000][gc,init] Periodic GC: Disabled
[2025-09-14T09:02:33.967+0000][gc,metaspace] CDS archive(s) mapped at: [0x00007bc836000000-0x00007bc836bbe000-0x00007bc83968c000), size 57196544, SharedBaseAddress: 0x00007bc836000000, ArchiveRelocationMode: 1.
[2025-09-14T09:02:33.967+0000][gc,metaspace] Compressed class space mapped at: 0x00007bc83a000000-0x00007bc87a000000, reserved size: 1073741824
[2025-09-14T09:02:33.967+0000][gc,metaspace] Narrow klass base: 0x00007bc836000000, Narrow klass shift: 0, Narrow klass range: 0x100000000
[2025-09-14T09:02:35.663+0000][gc,start    ] GC(0) Pause Young (Normal) (G1 Evacuation Pause)
[2025-09-14T09:02:35.667+0000][gc,task     ] GC(0) Using 13 workers of 13 for evacuation
[2025-09-14T09:02:35.680+0000][gc,phases   ] GC(0)   Pre Evacuate Collection Set: 0.5ms
[2025-09-14T09:02:35.680+0000][gc,phases   ] GC(0)   Merge Heap Roots: 0.3ms
[2025-09-14T09:02:35.680+0000][gc,phases   ] GC(0)   Evacuate Collection Set: 9.0ms
[2025-09-14T09:02:35.680+0000][gc,phases   ] GC(0)   Post Evacuate Collection Set: 3.6ms
[2025-09-14T09:02:35.680+0000][gc,phases   ] GC(0)   Other: 3.9ms
[2025-09-14T09:02:35.680+0000][gc,heap     ] GC(0) Eden regions: 51->0(44)
[2025-09-14T09:02:35.680+0000][gc,heap     ] GC(0) Survivor regions: 0->7(7)
[2025-09-14T09:02:35.680+0000][gc,heap     ] GC(0) Old regions: 1->7
[2025-09-14T09:02:35.680+0000][gc,heap     ] GC(0) Humongous regions: 9->9
[2025-09-14T09:02:35.680+0000][gc,metaspace] GC(0) Metaspace: 4107K(4352K)->4107K(4352K) NonClass: 3705K(3840K)->3705K(3840K) Class: 401K(512K)->401K(512K)
[2025-09-14T09:02:35.680+0000][gc          ] GC(0) Pause Young (Normal) (G1 Evacuation Pause) 60M->22M(1024M) 17.531ms
[2025-09-14T09:02:35.680+0000][gc,cpu      ] GC(0) User=0.05s Sys=0.06s Real=0.01s
[2025-09-14T09:02:37.438+0000][gc,start    ] GC(1) Pause Young (Normal) (G1 Evacuation Pause)
[2025-09-14T09:02:37.438+0000][gc,task     ] GC(1) Using 13 workers of 13 for evacuation
[2025-09-14T09:02:37.451+0000][gc,phases   ] GC(1)   Pre Evacuate Collection Set: 0.6ms
[2025-09-14T09:02:37.451+0000][gc,phases   ] GC(1)   Merge Heap Roots: 0.3ms
[2025-09-14T09:02:37.451+0000][gc,phases   ] GC(1)   Evacuate Collection Set: 10.2ms
[2025-09-14T09:02:37.451+0000][gc,phases   ] GC(1)   Post Evacuate Collection Set: 1.9ms
[2025-09-14T09:02:37.451+0000][gc,phases   ] GC(1)   Other: 0.1ms
[2025-09-14T09:02:37.451+0000][gc,heap     ] GC(1) Eden regions: 44->0(46)
[2025-09-14T09:02:37.451+0000][gc,heap     ] GC(1) Survivor regions: 7->6(7)
[2025-09-14T09:02:37.451+0000][gc,heap     ] GC(1) Old regions: 7->14
[2025-09-14T09:02:37.451+0000][gc,heap     ] GC(1) Humongous regions: 138->138
[2025-09-14T09:02:37.451+0000][gc,metaspace] GC(1) Metaspace: 5899K(6144K)->5899K(6144K) NonClass: 5255K(5376K)->5255K(5376K) Class: 644K(768K)->644K(768K)
[2025-09-14T09:02:37.451+0000][gc          ] GC(1) Pause Young (Normal) (G1 Evacuation Pause) 195M->157M(1024M) 13.254ms
[2025-09-14T09:02:37.451+0000][gc,cpu      ] GC(1) User=0.06s Sys=0.05s Real=0.02s
[2025-09-14T09:06:55.955+0000][gc,start    ] GC(2) Pause Young (Normal) (G1 Evacuation Pause)
[2025-09-14T09:06:55.957+0000][gc,task     ] GC(2) Using 13 workers of 13 for evacuation
[2025-09-14T09:06:55.967+0000][gc,phases   ] GC(2)   Pre Evacuate Collection Set: 0.8ms
[2025-09-14T09:06:55.967+0000][gc,phases   ] GC(2)   Merge Heap Roots: 0.5ms
[2025-09-14T09:06:55.967+0000][gc,phases   ] GC(2)   Evacuate Collection Set: 7.0ms
[2025-09-14T09:06:55.967+0000][gc,phases   ] GC(2)   Post Evacuate Collection Set: 1.8ms
[2025-09-14T09:06:55.967+0000][gc,phases   ] GC(2)   Other: 0.1ms
[2025-09-14T09:06:55.967+0000][gc,heap     ] GC(2) Eden regions: 51->0(120)
[2025-09-14T09:06:55.967+0000][gc,heap     ] GC(2) Survivor regions: 6->3(8)
[2025-09-14T09:06:55.967+0000][gc,heap     ] GC(2) Old regions: 14->20
[2025-09-14T09:06:55.967+0000][gc,heap     ] GC(2) Humongous regions: 150->138
[2025-09-14T09:06:55.967+0000][gc,metaspace] GC(2) Metaspace: 9206K(9472K)->9206K(9472K) NonClass: 8180K(8320K)->8180K(8320K) Class: 1026K(1152K)->1026K(1152K)
[2025-09-14T09:06:55.967+0000][gc          ] GC(2) Pause Young (Normal) (G1 Evacuation Pause) 220M->159M(1024M) 12.194ms
[2025-09-14T09:06:55.967+0000][gc,cpu      ] GC(2) User=0.05s Sys=0.02s Real=0.01s
[2025-09-14T09:07:08.912+0000][gc,heap,exit] Heap
[2025-09-14T09:07:08.913+0000][gc,heap,exit]  garbage-first heap   total 1048576K, used 184000K [0x00000000c0000000, 0x0000000100000000)
[2025-09-14T09:07:08.913+0000][gc,heap,exit]   region size 1024K, 23 young (23552K), 3 survivors (3072K)
[2025-09-14T09:07:08.913+0000][gc,heap,exit]  Metaspace       used 9929K, committed 10240K, reserved 1114112K
[2025-09-14T09:07:08.913+0000][gc,heap,exit]   class space    used 1204K, committed 1344K, reserved 1048576K
