[2025-09-14T07:35:51.775+0000][gc,init] CardTable entry size: 512
[2025-09-14T07:35:51.775+0000][gc     ] Using G1
[2025-09-14T07:35:51.786+0000][gc,init] Version: 21.0.4+7-LTS (release)
[2025-09-14T07:35:51.786+0000][gc,init] CPUs: 16 total, 16 available
[2025-09-14T07:35:51.786+0000][gc,init] Memory: 9870M
[2025-09-14T07:35:51.786+0000][gc,init] Large Page Support: Disabled
[2025-09-14T07:35:51.786+0000][gc,init] NUMA Support: Disabled
[2025-09-14T07:35:51.786+0000][gc,init] Compressed Oops: Enabled (32-bit)
[2025-09-14T07:35:51.786+0000][gc,init] Heap Region Size: 1M
[2025-09-14T07:35:51.786+0000][gc,init] Heap Min Capacity: 1G
[2025-09-14T07:35:51.786+0000][gc,init] Heap Initial Capacity: 1G
[2025-09-14T07:35:51.786+0000][gc,init] Heap Max Capacity: 1G
[2025-09-14T07:35:51.786+0000][gc,init] Pre-touch: Disabled
[2025-09-14T07:35:51.786+0000][gc,init] Parallel Workers: 13
[2025-09-14T07:35:51.786+0000][gc,init] Concurrent Workers: 3
[2025-09-14T07:35:51.786+0000][gc,init] Concurrent Refinement Workers: 13
[2025-09-14T07:35:51.786+0000][gc,init] Periodic GC: Disabled
[2025-09-14T07:35:51.893+0000][gc,metaspace] CDS archive(s) mapped at: [0x000078fc4e000000-0x000078fc4ebbe000-0x000078fc5168c000), size 57196544, SharedBaseAddress: 0x000078fc4e000000, ArchiveRelocationMode: 1.
[2025-09-14T07:35:51.893+0000][gc,metaspace] Compressed class space mapped at: 0x000078fc52000000-0x000078fc92000000, reserved size: 1073741824
[2025-09-14T07:35:51.893+0000][gc,metaspace] Narrow klass base: 0x000078fc4e000000, Narrow klass shift: 0, Narrow klass range: 0x100000000
[2025-09-14T07:35:52.976+0000][gc,start    ] GC(0) Pause Young (Normal) (G1 Evacuation Pause)
[2025-09-14T07:35:52.977+0000][gc,task     ] GC(0) Using 13 workers of 13 for evacuation
[2025-09-14T07:35:52.984+0000][gc,phases   ] GC(0)   Pre Evacuate Collection Set: 0.3ms
[2025-09-14T07:35:52.984+0000][gc,phases   ] GC(0)   Merge Heap Roots: 0.2ms
[2025-09-14T07:35:52.984+0000][gc,phases   ] GC(0)   Evacuate Collection Set: 5.2ms
[2025-09-14T07:35:52.984+0000][gc,phases   ] GC(0)   Post Evacuate Collection Set: 1.2ms
[2025-09-14T07:35:52.984+0000][gc,phases   ] GC(0)   Other: 1.4ms
[2025-09-14T07:35:52.984+0000][gc,heap     ] GC(0) Eden regions: 51->0(44)
[2025-09-14T07:35:52.984+0000][gc,heap     ] GC(0) Survivor regions: 0->7(7)
[2025-09-14T07:35:52.984+0000][gc,heap     ] GC(0) Old regions: 1->7
[2025-09-14T07:35:52.984+0000][gc,heap     ] GC(0) Humongous regions: 9->9
[2025-09-14T07:35:52.984+0000][gc,metaspace] GC(0) Metaspace: 4174K(4352K)->4174K(4352K) NonClass: 3757K(3840K)->3757K(3840K) Class: 416K(512K)->416K(512K)
[2025-09-14T07:35:52.984+0000][gc          ] GC(0) Pause Young (Normal) (G1 Evacuation Pause) 60M->22M(1024M) 8.600ms
[2025-09-14T07:35:52.984+0000][gc,cpu      ] GC(0) User=0.04s Sys=0.02s Real=0.00s
[2025-09-14T07:35:57.601+0000][gc,start    ] GC(1) Pause Young (Normal) (G1 Evacuation Pause)
[2025-09-14T07:35:57.601+0000][gc,task     ] GC(1) Using 13 workers of 13 for evacuation
[2025-09-14T07:35:57.608+0000][gc,phases   ] GC(1)   Pre Evacuate Collection Set: 0.5ms
[2025-09-14T07:35:57.608+0000][gc,phases   ] GC(1)   Merge Heap Roots: 0.1ms
[2025-09-14T07:35:57.608+0000][gc,phases   ] GC(1)   Evacuate Collection Set: 5.1ms
[2025-09-14T07:35:57.608+0000][gc,phases   ] GC(1)   Post Evacuate Collection Set: 1.1ms
[2025-09-14T07:35:57.608+0000][gc,phases   ] GC(1)   Other: 0.2ms
[2025-09-14T07:35:57.608+0000][gc,heap     ] GC(1) Eden regions: 44->0(48)
[2025-09-14T07:35:57.608+0000][gc,heap     ] GC(1) Survivor regions: 7->6(7)
[2025-09-14T07:35:57.608+0000][gc,heap     ] GC(1) Old regions: 7->14
[2025-09-14T07:35:57.608+0000][gc,heap     ] GC(1) Humongous regions: 150->138
[2025-09-14T07:35:57.608+0000][gc,metaspace] GC(1) Metaspace: 6184K(6400K)->6184K(6400K) NonClass: 5464K(5568K)->5464K(5568K) Class: 719K(832K)->719K(832K)
[2025-09-14T07:35:57.608+0000][gc          ] GC(1) Pause Young (Normal) (G1 Evacuation Pause) 207M->157M(1024M) 7.212ms
[2025-09-14T07:35:57.608+0000][gc,cpu      ] GC(1) User=0.06s Sys=0.00s Real=0.01s
[2025-09-14T07:45:42.681+0000][gc,start    ] GC(2) Pause Young (Normal) (G1 Evacuation Pause)
[2025-09-14T07:45:42.692+0000][gc,task     ] GC(2) Using 13 workers of 13 for evacuation
[2025-09-14T07:45:42.698+0000][gc,phases   ] GC(2)   Pre Evacuate Collection Set: 0.4ms
[2025-09-14T07:45:42.698+0000][gc,phases   ] GC(2)   Merge Heap Roots: 0.3ms
[2025-09-14T07:45:42.698+0000][gc,phases   ] GC(2)   Evacuate Collection Set: 3.8ms
[2025-09-14T07:45:42.698+0000][gc,phases   ] GC(2)   Post Evacuate Collection Set: 0.8ms
[2025-09-14T07:45:42.698+0000][gc,phases   ] GC(2)   Other: 0.1ms
[2025-09-14T07:45:42.698+0000][gc,heap     ] GC(2) Eden regions: 53->0(612)
[2025-09-14T07:45:42.698+0000][gc,heap     ] GC(2) Survivor regions: 6->2(8)
[2025-09-14T07:45:42.698+0000][gc,heap     ] GC(2) Old regions: 14->20
[2025-09-14T07:45:42.698+0000][gc,heap     ] GC(2) Humongous regions: 138->138
[2025-09-14T07:45:42.698+0000][gc,metaspace] GC(2) Metaspace: 7764K(8000K)->7764K(8000K) NonClass: 6992K(7104K)->6992K(7104K) Class: 772K(896K)->772K(896K)
[2025-09-14T07:45:42.698+0000][gc          ] GC(2) Pause Young (Normal) (G1 Evacuation Pause) 210M->158M(1024M) 17.050ms
[2025-09-14T07:45:42.698+0000][gc,cpu      ] GC(2) User=0.05s Sys=0.00s Real=0.02s
