[2025-09-12T05:28:40.404+0000][gc,init] CardTable entry size: 512
[2025-09-12T05:28:40.404+0000][gc     ] Using G1
[2025-09-12T05:28:40.422+0000][gc,init] Version: 21.0.4+7-LTS (release)
[2025-09-12T05:28:40.423+0000][gc,init] CPUs: 16 total, 16 available
[2025-09-12T05:28:40.423+0000][gc,init] Memory: 9870M
[2025-09-12T05:28:40.423+0000][gc,init] Large Page Support: Disabled
[2025-09-12T05:28:40.423+0000][gc,init] NUMA Support: Disabled
[2025-09-12T05:28:40.423+0000][gc,init] Compressed Oops: Enabled (32-bit)
[2025-09-12T05:28:40.423+0000][gc,init] Heap Region Size: 1M
[2025-09-12T05:28:40.423+0000][gc,init] Heap Min Capacity: 1G
[2025-09-12T05:28:40.423+0000][gc,init] Heap Initial Capacity: 1G
[2025-09-12T05:28:40.423+0000][gc,init] Heap Max Capacity: 1G
[2025-09-12T05:28:40.423+0000][gc,init] Pre-touch: Disabled
[2025-09-12T05:28:40.423+0000][gc,init] Parallel Workers: 13
[2025-09-12T05:28:40.423+0000][gc,init] Concurrent Workers: 3
[2025-09-12T05:28:40.423+0000][gc,init] Concurrent Refinement Workers: 13
[2025-09-12T05:28:40.423+0000][gc,init] Periodic GC: Disabled
[2025-09-12T05:28:40.594+0000][gc,metaspace] CDS archive(s) mapped at: [0x000077cbc3000000-0x000077cbc3bbe000-0x000077cbc668c000), size 57196544, SharedBaseAddress: 0x000077cbc3000000, ArchiveRelocationMode: 1.
[2025-09-12T05:28:40.594+0000][gc,metaspace] Compressed class space mapped at: 0x000077cbc7000000-0x000077cc07000000, reserved size: 1073741824
[2025-09-12T05:28:40.594+0000][gc,metaspace] Narrow klass base: 0x000077cbc3000000, Narrow klass shift: 0, Narrow klass range: 0x100000000
[2025-09-12T05:28:42.122+0000][gc,start    ] GC(0) Pause Young (Normal) (G1 Evacuation Pause)
[2025-09-12T05:28:42.126+0000][gc,task     ] GC(0) Using 13 workers of 13 for evacuation
[2025-09-12T05:28:42.142+0000][gc,phases   ] GC(0)   Pre Evacuate Collection Set: 0.5ms
[2025-09-12T05:28:42.142+0000][gc,phases   ] GC(0)   Merge Heap Roots: 0.3ms
[2025-09-12T05:28:42.142+0000][gc,phases   ] GC(0)   Evacuate Collection Set: 12.3ms
[2025-09-12T05:28:42.142+0000][gc,phases   ] GC(0)   Post Evacuate Collection Set: 2.6ms
[2025-09-12T05:28:42.142+0000][gc,phases   ] GC(0)   Other: 3.4ms
[2025-09-12T05:28:42.142+0000][gc,heap     ] GC(0) Eden regions: 51->0(44)
[2025-09-12T05:28:42.142+0000][gc,heap     ] GC(0) Survivor regions: 0->7(7)
[2025-09-12T05:28:42.142+0000][gc,heap     ] GC(0) Old regions: 1->7
[2025-09-12T05:28:42.142+0000][gc,heap     ] GC(0) Humongous regions: 9->9
[2025-09-12T05:28:42.143+0000][gc,metaspace] GC(0) Metaspace: 4189K(4416K)->4189K(4416K) NonClass: 3734K(3840K)->3734K(3840K) Class: 454K(576K)->454K(576K)
[2025-09-12T05:28:42.143+0000][gc          ] GC(0) Pause Young (Normal) (G1 Evacuation Pause) 60M->22M(1024M) 20.160ms
[2025-09-12T05:28:42.143+0000][gc,cpu      ] GC(0) User=0.10s Sys=0.04s Real=0.02s
[2025-09-12T05:28:48.123+0000][gc,heap,exit] Heap
[2025-09-12T05:28:48.123+0000][gc,heap,exit]  garbage-first heap   total 1048576K, used 184637K [0x00000000c0000000, 0x0000000100000000)
[2025-09-12T05:28:48.123+0000][gc,heap,exit]   region size 1024K, 36 young (36864K), 7 survivors (7168K)
[2025-09-12T05:28:48.123+0000][gc,heap,exit]  Metaspace       used 5660K, committed 5824K, reserved 1114112K
[2025-09-12T05:28:48.123+0000][gc,heap,exit]   class space    used 748K, committed 832K, reserved 1048576K
